// Jest Snapshot v1, https://goo.gl/fbAQLP

exports[`WinScreen snapshot test 1`] = `
<section
  className="result"
>
  <div
    className="result__logo"
  >
    <img
      alt="Угадай мелодию"
      height="83"
      src="img/melody-logo.png"
      width="186"
    />
  </div>
  <h2
    className="result__title"
  >
    Вы настоящий меломан!
  </h2>
  <p
    className="result__total"
  >
    За 0 минуты и 3 секунд вы ответили на все вопросы, совершив 3 ошибки
  </p>
  <a
    className="replay"
    href="/"
    onClick={[Function]}
  >
    Сыграть ещё раз
  </a>
</section>
`;
